###############################################################################
#
# IAR ELF Linker V7.50.1.10123/W32 for ARM                21/Jul/2016  12:51:21
# Copyright 2007-2015 IAR Systems AB.
#
#    Output file  =  
#        C:\Users\PaoloWalter\Documents\STM32\RAI Progetto 2\Fase
#        1\NUCLEO\fase1Nucleo\EWARM\fase1Nucleo\Exe\fase1Nucleo.out
#    Map file     =  
#        C:\Users\PaoloWalter\Documents\STM32\RAI Progetto 2\Fase
#        1\NUCLEO\fase1Nucleo\EWARM\fase1Nucleo\List\fase1Nucleo.map
#    Command line =  
#        "C:\Users\PaoloWalter\Documents\STM32\RAI Progetto 2\Fase
#        1\NUCLEO\fase1Nucleo\EWARM\fase1Nucleo\Obj\main.o"
#        "C:\Users\PaoloWalter\Documents\STM32\RAI Progetto 2\Fase
#        1\NUCLEO\fase1Nucleo\EWARM\fase1Nucleo\Obj\startup_stm32f334x8.o"
#        "C:\Users\PaoloWalter\Documents\STM32\RAI Progetto 2\Fase
#        1\NUCLEO\fase1Nucleo\EWARM\fase1Nucleo\Obj\stm32f3xx_hal.o"
#        "C:\Users\PaoloWalter\Documents\STM32\RAI Progetto 2\Fase
#        1\NUCLEO\fase1Nucleo\EWARM\fase1Nucleo\Obj\stm32f3xx_hal_cortex.o"
#        "C:\Users\PaoloWalter\Documents\STM32\RAI Progetto 2\Fase
#        1\NUCLEO\fase1Nucleo\EWARM\fase1Nucleo\Obj\stm32f3xx_hal_dma.o"
#        "C:\Users\PaoloWalter\Documents\STM32\RAI Progetto 2\Fase
#        1\NUCLEO\fase1Nucleo\EWARM\fase1Nucleo\Obj\stm32f3xx_hal_flash.o"
#        "C:\Users\PaoloWalter\Documents\STM32\RAI Progetto 2\Fase
#        1\NUCLEO\fase1Nucleo\EWARM\fase1Nucleo\Obj\stm32f3xx_hal_flash_ex.o"
#        "C:\Users\PaoloWalter\Documents\STM32\RAI Progetto 2\Fase
#        1\NUCLEO\fase1Nucleo\EWARM\fase1Nucleo\Obj\stm32f3xx_hal_gpio.o"
#        "C:\Users\PaoloWalter\Documents\STM32\RAI Progetto 2\Fase
#        1\NUCLEO\fase1Nucleo\EWARM\fase1Nucleo\Obj\stm32f3xx_hal_i2c.o"
#        "C:\Users\PaoloWalter\Documents\STM32\RAI Progetto 2\Fase
#        1\NUCLEO\fase1Nucleo\EWARM\fase1Nucleo\Obj\stm32f3xx_hal_i2c_ex.o"
#        "C:\Users\PaoloWalter\Documents\STM32\RAI Progetto 2\Fase
#        1\NUCLEO\fase1Nucleo\EWARM\fase1Nucleo\Obj\stm32f3xx_hal_msp.o"
#        "C:\Users\PaoloWalter\Documents\STM32\RAI Progetto 2\Fase
#        1\NUCLEO\fase1Nucleo\EWARM\fase1Nucleo\Obj\stm32f3xx_hal_pwr.o"
#        "C:\Users\PaoloWalter\Documents\STM32\RAI Progetto 2\Fase
#        1\NUCLEO\fase1Nucleo\EWARM\fase1Nucleo\Obj\stm32f3xx_hal_pwr_ex.o"
#        "C:\Users\PaoloWalter\Documents\STM32\RAI Progetto 2\Fase
#        1\NUCLEO\fase1Nucleo\EWARM\fase1Nucleo\Obj\stm32f3xx_hal_rcc.o"
#        "C:\Users\PaoloWalter\Documents\STM32\RAI Progetto 2\Fase
#        1\NUCLEO\fase1Nucleo\EWARM\fase1Nucleo\Obj\stm32f3xx_hal_rcc_ex.o"
#        "C:\Users\PaoloWalter\Documents\STM32\RAI Progetto 2\Fase
#        1\NUCLEO\fase1Nucleo\EWARM\fase1Nucleo\Obj\stm32f3xx_hal_spi.o"
#        "C:\Users\PaoloWalter\Documents\STM32\RAI Progetto 2\Fase
#        1\NUCLEO\fase1Nucleo\EWARM\fase1Nucleo\Obj\stm32f3xx_hal_spi_ex.o"
#        "C:\Users\PaoloWalter\Documents\STM32\RAI Progetto 2\Fase
#        1\NUCLEO\fase1Nucleo\EWARM\fase1Nucleo\Obj\stm32f3xx_hal_tim.o"
#        "C:\Users\PaoloWalter\Documents\STM32\RAI Progetto 2\Fase
#        1\NUCLEO\fase1Nucleo\EWARM\fase1Nucleo\Obj\stm32f3xx_hal_tim_ex.o"
#        "C:\Users\PaoloWalter\Documents\STM32\RAI Progetto 2\Fase
#        1\NUCLEO\fase1Nucleo\EWARM\fase1Nucleo\Obj\stm32f3xx_hal_uart.o"
#        "C:\Users\PaoloWalter\Documents\STM32\RAI Progetto 2\Fase
#        1\NUCLEO\fase1Nucleo\EWARM\fase1Nucleo\Obj\stm32f3xx_hal_uart_ex.o"
#        "C:\Users\PaoloWalter\Documents\STM32\RAI Progetto 2\Fase
#        1\NUCLEO\fase1Nucleo\EWARM\fase1Nucleo\Obj\stm32f3xx_it.o"
#        "C:\Users\PaoloWalter\Documents\STM32\RAI Progetto 2\Fase
#        1\NUCLEO\fase1Nucleo\EWARM\fase1Nucleo\Obj\system_stm32f3xx.o"
#        --redirect _Printf=_PrintfFull --redirect _Scanf=_ScanfFull -o
#        "C:\Users\PaoloWalter\Documents\STM32\RAI Progetto 2\Fase
#        1\NUCLEO\fase1Nucleo\EWARM\fase1Nucleo\Exe\fase1Nucleo.out" --map
#        "C:\Users\PaoloWalter\Documents\STM32\RAI Progetto 2\Fase
#        1\NUCLEO\fase1Nucleo\EWARM\fase1Nucleo\List\fase1Nucleo.map" --config
#        "C:\Users\PaoloWalter\Documents\STM32\RAI Progetto 2\Fase
#        1\NUCLEO\fase1Nucleo\EWARM/stm32f334x8_flash.icf" --semihosting
#        --entry __iar_program_start --vfe
#
###############################################################################

*******************************************************************************
*** RUNTIME MODEL ATTRIBUTES
***

CppFlavor       = *
__SystemLibrary = DLib


*******************************************************************************
*** PLACEMENT SUMMARY
***

"A1":  place at 0x08000000 { ro section .intvec };
"P1":  place in [from 0x08000000 to 0x0800ffff] { ro };
"P2":  place in [from 0x20000000 to 0x20002fff] { rw, block CSTACK, block HEAP };

  Section            Kind        Address    Size  Object
  -------            ----        -------    ----  ------
"A1":                                      0x188
  .intvec            ro code  0x08000000   0x188  startup_stm32f334x8.o [1]
                            - 0x08000188   0x188

"P1":                                     0x1a74
  .text              ro code  0x08000188   0x6b6  stm32f3xx_hal_uart.o [1]
  .text              ro code  0x08000840   0x128  stm32f3xx_hal_msp.o [1]
  .text              ro code  0x08000968     0x2  stm32f3xx_hal_uart_ex.o [1]
  .text              ro code  0x0800096c   0x558  stm32f3xx_hal_rcc.o [1]
  .text              ro code  0x08000ec4    0x74  stm32f3xx_hal.o [1]
  .text              ro code  0x08000f38   0x234  main.o [1]
  .text              ro code  0x0800116c    0xe2  stm32f3xx_hal_cortex.o [1]
  .text              ro code  0x08001250   0x194  stm32f3xx_hal_gpio.o [1]
  .text              ro code  0x080013e4   0x40c  stm32f3xx_hal_spi.o [1]
  .text              ro code  0x080017f0    0x3a  ABImemset48.o [5]
  .text              ro code  0x0800182c   0x120  stm32f3xx_hal_rcc_ex.o [1]
  .text              ro code  0x0800194c    0x6c  system_stm32f3xx.o [1]
  .text              ro code  0x080019b8    0x40  zero_init3.o [5]
  .text              ro code  0x080019f8    0x2c  copy_init3.o [5]
  .text              ro code  0x08001a24    0x28  data_init.o [5]
  .text              ro code  0x08001a4c    0x24  stm32f3xx_it.o [1]
  .text              ro code  0x08001a70    0x22  fpinit_M.o [4]
  .iar.init_table    const    0x08001a94    0x24  - Linker created -
  .text              ro code  0x08001ab8    0x1a  cmain.o [5]
  .text              ro code  0x08001ad2     0x4  low_level_init.o [3]
  .text              ro code  0x08001ad6     0x4  exit.o [3]
  .text              ro code  0x08001adc     0xa  cexit.o [5]
  .text              ro code  0x08001ae8    0x14  exit.o [6]
  .text              ro code  0x08001afc    0x10  startup_stm32f334x8.o [1]
  .text              ro code  0x08001b0c     0xc  cstartup_M.o [5]
  .text              ro code  0x08001b18     0x4  startup_stm32f334x8.o [1]
  .text              ro code  0x08001b1c     0x4  startup_stm32f334x8.o [1]
  .text              ro code  0x08001b20     0x4  startup_stm32f334x8.o [1]
  .text              ro code  0x08001b24     0x4  startup_stm32f334x8.o [1]
  .text              ro code  0x08001b28     0x4  startup_stm32f334x8.o [1]
  .text              ro code  0x08001b2c     0x4  startup_stm32f334x8.o [1]
  .text              ro code  0x08001b30     0x4  startup_stm32f334x8.o [1]
  .text              ro code  0x08001b34     0x4  startup_stm32f334x8.o [1]
  .text              ro code  0x08001b38     0x4  startup_stm32f334x8.o [1]
  .text              ro code  0x08001b3c     0x4  startup_stm32f334x8.o [1]
  .text              ro code  0x08001b40     0x4  startup_stm32f334x8.o [1]
  .text              ro code  0x08001b44     0x4  startup_stm32f334x8.o [1]
  .text              ro code  0x08001b48     0x4  startup_stm32f334x8.o [1]
  .text              ro code  0x08001b4c     0x4  startup_stm32f334x8.o [1]
  .text              ro code  0x08001b50     0x4  startup_stm32f334x8.o [1]
  .text              ro code  0x08001b54     0x4  startup_stm32f334x8.o [1]
  .text              ro code  0x08001b58     0x4  startup_stm32f334x8.o [1]
  .text              ro code  0x08001b5c     0x4  startup_stm32f334x8.o [1]
  .text              ro code  0x08001b60     0x4  startup_stm32f334x8.o [1]
  .text              ro code  0x08001b64     0x4  startup_stm32f334x8.o [1]
  .text              ro code  0x08001b68     0x4  startup_stm32f334x8.o [1]
  .text              ro code  0x08001b6c     0x4  startup_stm32f334x8.o [1]
  .text              ro code  0x08001b70     0x4  startup_stm32f334x8.o [1]
  .text              ro code  0x08001b74     0x4  startup_stm32f334x8.o [1]
  .text              ro code  0x08001b78     0x4  startup_stm32f334x8.o [1]
  .text              ro code  0x08001b7c     0x4  startup_stm32f334x8.o [1]
  .text              ro code  0x08001b80     0x4  startup_stm32f334x8.o [1]
  .text              ro code  0x08001b84     0x4  startup_stm32f334x8.o [1]
  .text              ro code  0x08001b88     0x4  startup_stm32f334x8.o [1]
  .text              ro code  0x08001b8c     0x4  startup_stm32f334x8.o [1]
  .text              ro code  0x08001b90     0x4  startup_stm32f334x8.o [1]
  .text              ro code  0x08001b94     0x4  startup_stm32f334x8.o [1]
  .text              ro code  0x08001b98     0x4  startup_stm32f334x8.o [1]
  .text              ro code  0x08001b9c     0x4  startup_stm32f334x8.o [1]
  .text              ro code  0x08001ba0     0x4  startup_stm32f334x8.o [1]
  .text              ro code  0x08001ba4     0x4  startup_stm32f334x8.o [1]
  .text              ro code  0x08001ba8     0x4  startup_stm32f334x8.o [1]
  .text              ro code  0x08001bac     0x4  startup_stm32f334x8.o [1]
  .text              ro code  0x08001bb0     0x4  startup_stm32f334x8.o [1]
  .text              ro code  0x08001bb4     0x4  startup_stm32f334x8.o [1]
  .text              ro code  0x08001bb8     0x4  startup_stm32f334x8.o [1]
  .text              ro code  0x08001bbc     0x4  startup_stm32f334x8.o [1]
  .text              ro code  0x08001bc0     0x4  startup_stm32f334x8.o [1]
  .text              ro code  0x08001bc4     0x4  startup_stm32f334x8.o [1]
  .text              ro code  0x08001bc8     0x4  startup_stm32f334x8.o [1]
  .text              ro code  0x08001bcc     0x4  startup_stm32f334x8.o [1]
  .text              ro code  0x08001bd0     0x4  startup_stm32f334x8.o [1]
  .text              ro code  0x08001bd4     0x4  startup_stm32f334x8.o [1]
  .text              ro code  0x08001bd8     0x4  startup_stm32f334x8.o [1]
  .text              ro code  0x08001bdc     0x4  startup_stm32f334x8.o [1]
  .text              ro code  0x08001be0     0x4  startup_stm32f334x8.o [1]
  .text              ro code  0x08001be4     0x4  startup_stm32f334x8.o [1]
  .text              ro code  0x08001be8     0x4  startup_stm32f334x8.o [1]
  .text              ro code  0x08001bec     0x4  startup_stm32f334x8.o [1]
  .text              ro code  0x08001bf0     0x4  startup_stm32f334x8.o [1]
  .text              ro code  0x08001bf4     0x4  startup_stm32f334x8.o [1]
  Initializer bytes  const    0x08001bf8     0x4  <for P2-1>
  .rodata            const    0x08001bfc     0x0  zero_init3.o [5]
  .rodata            const    0x08001bfc     0x0  copy_init3.o [5]
                            - 0x08001bfc  0x1a74

"P2", part 1 of 3:                           0x4
  P2-1                        0x20000000     0x4  <Init block>
    .data            inited   0x20000000     0x4  system_stm32f3xx.o [1]
                            - 0x20000004     0x4

"P2", part 2 of 3:                         0x400
  CSTACK                      0x20000008   0x400  <Block>
    CSTACK           uninit   0x20000008   0x400  <Block tail>
                            - 0x20000408   0x400

"P2", part 3 of 3:                         0x220
  .bss               zero     0x20000408   0x138  main.o [1]
  .bss               zero     0x20000540    0x74  main.o [1]
  .bss               zero     0x200005b4    0x70  main.o [1]
  .bss               zero     0x20000624     0x4  stm32f3xx_hal.o [1]
                            - 0x20000628   0x220


*******************************************************************************
*** INIT TABLE
***

          Address     Size
          -------     ----
Zero (__iar_zero_init3)
    1 destination range, total size 0x220:
          0x20000408  0x220

Copy (__iar_copy_init3)
    1 source range, total size 0x4:
          0x08001bf8    0x4
    1 destination range, total size 0x4:
          0x20000000    0x4



*******************************************************************************
*** MODULE SUMMARY
***

    Module                   ro code  ro data  rw data
    ------                   -------  -------  -------
C:\Users\PaoloWalter\Documents\STM32\RAI Progetto 2\Fase 1\NUCLEO\fase1Nucleo\EWARM\fase1Nucleo\Obj: [1]
    main.o                       564               540
    startup_stm32f334x8.o        632
    stm32f3xx_hal.o              116                 4
    stm32f3xx_hal_cortex.o       226
    stm32f3xx_hal_gpio.o         404
    stm32f3xx_hal_msp.o          296
    stm32f3xx_hal_rcc.o        1 368
    stm32f3xx_hal_rcc_ex.o       288
    stm32f3xx_hal_spi.o        1 036
    stm32f3xx_hal_uart.o       1 718
    stm32f3xx_hal_uart_ex.o        2
    stm32f3xx_it.o                36
    system_stm32f3xx.o           108        4        4
    --------------------------------------------------
    Total:                     6 794        4      548

command line: [2]
    --------------------------------------------------
    Total:

dl7M_tlf.a: [3]
    exit.o                         4
    low_level_init.o               4
    --------------------------------------------------
    Total:                         8

m7M_tls.a: [4]
    fpinit_M.o                    34
    --------------------------------------------------
    Total:                        34

rt7M_tl.a: [5]
    ABImemset48.o                 58
    cexit.o                       10
    cmain.o                       26
    copy_init3.o                  44
    cstartup_M.o                  12
    data_init.o                   40
    zero_init3.o                  64
    --------------------------------------------------
    Total:                       254

shb_l.a: [6]
    exit.o                        20
    --------------------------------------------------
    Total:                        20

    Gaps                          12        2
    Linker created                         36    1 024
------------------------------------------------------
    Grand Total:               7 122       42    1 572


*******************************************************************************
*** ENTRY LIST
***

Entry                      Address   Size  Type      Object
-----                      -------   ----  ----      ------
.iar.init_table$$Base   0x08001a94          --   Gb  - Linker created -
.iar.init_table$$Limit  0x08001ab8          --   Gb  - Linker created -
?main                   0x08001ab9         Code  Gb  cmain.o [5]
CSTACK$$Base            0x20000008          --   Gb  - Linker created -
CSTACK$$Limit           0x20000408          --   Gb  - Linker created -
HAL_Delay               0x08000f19   0x18  Code  Wk  stm32f3xx_hal.o [1]
HAL_GPIO_Init           0x08001251  0x17c  Code  Gb  stm32f3xx_hal_gpio.o [1]
HAL_GetTick             0x08000f13    0x6  Code  Wk  stm32f3xx_hal.o [1]
HAL_IncTick             0x08000f09    0xa  Code  Wk  stm32f3xx_hal.o [1]
HAL_Init                0x08000ec5   0x20  Code  Gb  stm32f3xx_hal.o [1]
HAL_InitTick            0x08000ee5   0x24  Code  Wk  stm32f3xx_hal.o [1]
HAL_MspInit             0x08000841   0x5c  Code  Gb  stm32f3xx_hal_msp.o [1]
HAL_NVIC_EnableIRQ      0x080011db    0xc  Code  Gb  stm32f3xx_hal_cortex.o [1]
HAL_NVIC_SetPriority    0x080011a1   0x3a  Code  Gb  stm32f3xx_hal_cortex.o [1]
HAL_NVIC_SetPriorityGrouping
                        0x08001187   0x1a  Code  Gb  stm32f3xx_hal_cortex.o [1]
HAL_RCCEx_PeriphCLKConfig
                        0x0800182d  0x114  Code  Gb  stm32f3xx_hal_rcc_ex.o [1]
HAL_RCC_ClockConfig     0x08000c71  0x14c  Code  Gb  stm32f3xx_hal_rcc.o [1]
HAL_RCC_GetHCLKFreq     0x08000e31   0x1e  Code  Gb  stm32f3xx_hal_rcc.o [1]
HAL_RCC_GetPCLK1Freq    0x08000e4f   0x10  Code  Gb  stm32f3xx_hal_rcc.o [1]
HAL_RCC_GetSysClockFreq
                        0x08000df7   0x3a  Code  Gb  stm32f3xx_hal_rcc.o [1]
HAL_RCC_OscConfig       0x0800096d  0x2d2  Code  Gb  stm32f3xx_hal_rcc.o [1]
HAL_SPI_ErrorCallback   0x080016ad    0x2  Code  Wk  stm32f3xx_hal_spi.o [1]
HAL_SPI_IRQHandler      0x08001617   0x96  Code  Gb  stm32f3xx_hal_spi.o [1]
HAL_SPI_Init            0x080013e5   0xba  Code  Gb  stm32f3xx_hal_spi.o [1]
HAL_SPI_MspInit         0x0800089d   0x44  Code  Gb  stm32f3xx_hal_msp.o [1]
HAL_SPI_Transmit        0x0800149f  0x11a  Code  Gb  stm32f3xx_hal_spi.o [1]
HAL_SYSTICK_CLKSourceConfig
                        0x08001217   0x14  Code  Gb  stm32f3xx_hal_cortex.o [1]
HAL_SYSTICK_Callback    0x0800124d    0x2  Code  Wk  stm32f3xx_hal_cortex.o [1]
HAL_SYSTICK_Config      0x080011ef   0x28  Code  Gb  stm32f3xx_hal_cortex.o [1]
HAL_SYSTICK_IRQHandler  0x08001245    0x8  Code  Gb  stm32f3xx_hal_cortex.o [1]
HAL_UARTEx_WakeupCallback
                        0x08000969    0x2  Code  Wk  stm32f3xx_hal_uart_ex.o [1]
HAL_UART_ErrorCallback  0x08000439    0x2  Code  Wk  stm32f3xx_hal_uart.o [1]
HAL_UART_IRQHandler     0x08000341   0xf6  Code  Gb  stm32f3xx_hal_uart.o [1]
HAL_UART_Init           0x08000189   0x34  Code  Gb  stm32f3xx_hal_uart.o [1]
HAL_UART_MspInit        0x080008e1   0x54  Code  Gb  stm32f3xx_hal_msp.o [1]
HAL_UART_Receive_IT     0x080002a3   0x98  Code  Gb  stm32f3xx_hal_uart.o [1]
HAL_UART_RxCpltCallback
                        0x0800106b   0x42  Code  Gb  main.o [1]
HAL_UART_Transmit       0x08000201   0x9e  Code  Gb  stm32f3xx_hal_uart.o [1]
HAL_UART_TxCpltCallback
                        0x08000437    0x2  Code  Wk  stm32f3xx_hal_uart.o [1]
MX_NVIC_Init            0x08001147   0x26  Code  Gb  main.o [1]
NVIC_SetPriority        0x0800116d   0x1a  Code  Lc  stm32f3xx_hal_cortex.o [1]
Region$$Table$$Base     0x08001a94          --   Gb  - Linker created -
Region$$Table$$Limit    0x08001ab8          --   Gb  - Linker created -
SPI1_IRQHandler         0x08001a5b    0x6  Code  Gb  stm32f3xx_it.o [1]
SPI_EndRxTxTransaction  0x080017bb   0x20  Code  Lc  stm32f3xx_hal_spi.o [1]
SPI_WaitFifoStateUntilTimeout
                        0x08001701   0x64  Code  Lc  stm32f3xx_hal_spi.o [1]
SPI_WaitFlagStateUntilTimeout
                        0x080016af   0x4c  Code  Lc  stm32f3xx_hal_spi.o [1]
SPItx_buff              0x20000540    0xc  Data  Gb  main.o [1]
SysTick_Handler         0x08001a4d    0xe  Code  Gb  stm32f3xx_it.o [1]
SystemClock_Config      0x080010d1   0x76  Code  Gb  main.o [1]
SystemCoreClock         0x20000000    0x4  Data  Gb  system_stm32f3xx.o [1]
SystemInit              0x0800194d   0x52  Code  Gb  system_stm32f3xx.o [1]
UART_AdvFeatureConfig   0x0800058d   0xc6  Code  Gb  stm32f3xx_hal_uart.o [1]
UART_CheckIdleState     0x08000653   0x4a  Code  Gb  stm32f3xx_hal_uart.o [1]
UART_EndTransmit_IT     0x08000797   0x24  Code  Gb  stm32f3xx_hal_uart.o [1]
UART_Receive_IT         0x080007bb   0x84  Code  Gb  stm32f3xx_hal_uart.o [1]
UART_SetConfig          0x0800043d  0x132  Code  Gb  stm32f3xx_hal_uart.o [1]
UART_Transmit_IT        0x08000731   0x66  Code  Gb  stm32f3xx_hal_uart.o [1]
UART_WaitOnFlagUntilTimeout
                        0x0800069d   0x94  Code  Gb  stm32f3xx_hal_uart.o [1]
USART1_IRQHandler       0x08001a61    0x6  Code  Gb  stm32f3xx_it.o [1]
__aeabi_memset4         0x080017f1         Code  Gb  ABImemset48.o [5]
__aeabi_memset8         0x080017f1         Code  Gb  ABImemset48.o [5]
__cmain                 0x08001ab9         Code  Gb  cmain.o [5]
__exit                  0x08001ae9   0x14  Code  Gb  exit.o [6]
__iar_Memset4_word      0x080017f9         Code  Gb  ABImemset48.o [5]
__iar_Memset8_word      0x080017f9         Code  Gb  ABImemset48.o [5]
__iar_copy_init3        0x080019f9   0x2c  Code  Gb  copy_init3.o [5]
__iar_data_init3        0x08001a25   0x28  Code  Gb  data_init.o [5]
__iar_init_vfp          0x08001a71         Code  Gb  fpinit_M.o [4]
__iar_program_start     0x08001b0d         Code  Gb  cstartup_M.o [5]
__iar_zero_init3        0x080019b9   0x40  Code  Gb  zero_init3.o [5]
__low_level_init        0x08001ad3    0x4  Code  Gb  low_level_init.o [3]
__vector_table          0x08000000         Data  Gb  startup_stm32f334x8.o [1]
_call_main              0x08001ac5         Code  Gb  cmain.o [5]
_exit                   0x08001add         Code  Gb  cexit.o [5]
_main                   0x08001acf         Code  Gb  cmain.o [5]
aAPBAHBPrescTable       0x08000e94   0x10  Data  Gb  stm32f3xx_hal_rcc.o [1]
aPLLMULFactorTable      0x08000ea4   0x10  Data  Gb  stm32f3xx_hal_rcc.o [1]
aPredivFactorTable      0x08000eb4   0x10  Data  Gb  stm32f3xx_hal_rcc.o [1]
exit                    0x08001ad7    0x4  Code  Gb  exit.o [3]
hspi1                   0x2000054c   0x64  Data  Gb  main.o [1]
huart1                  0x20000408   0x70  Data  Gb  main.o [1]
huart2                  0x200005b4   0x70  Data  Gb  main.o [1]
i                       0x200005b0    0x4  Data  Gb  main.o [1]
main                    0x08000f39  0x132  Code  Gb  main.o [1]
rx_buff                 0x20000478   0xc8  Data  Gb  main.o [1]
uwTick                  0x20000624    0x4  Data  Lc  stm32f3xx_hal.o [1]


[1] = C:\Users\PaoloWalter\Documents\STM32\RAI Progetto 2\Fase 1\NUCLEO\fase1Nucleo\EWARM\fase1Nucleo\Obj
[2] = command line
[3] = dl7M_tlf.a
[4] = m7M_tls.a
[5] = rt7M_tl.a
[6] = shb_l.a

  7 122 bytes of readonly  code memory
     42 bytes of readonly  data memory
  1 572 bytes of readwrite data memory

Errors: none
Warnings: none
