###############################################################################
#
# IAR ELF Linker V7.50.1.10123/W32 for ARM                26/Jul/2016  11:41:19
# Copyright 2007-2015 IAR Systems AB.
#
#    Output file  =  
#        C:\Users\PaoloWalter\Documents\STM32\RAI Progetto 2\Fase
#        2\NUCLEO\fase2Nucleo_4\EWARM\fase2Nucleo_4\Exe\fase2Nucleo_4.out
#    Map file     =  
#        C:\Users\PaoloWalter\Documents\STM32\RAI Progetto 2\Fase
#        2\NUCLEO\fase2Nucleo_4\EWARM\fase2Nucleo_4\List\fase2Nucleo_4.map
#    Command line =  
#        "C:\Users\PaoloWalter\Documents\STM32\RAI Progetto 2\Fase
#        2\NUCLEO\fase2Nucleo_4\EWARM\fase2Nucleo_4\Obj\main.o"
#        "C:\Users\PaoloWalter\Documents\STM32\RAI Progetto 2\Fase
#        2\NUCLEO\fase2Nucleo_4\EWARM\fase2Nucleo_4\Obj\startup_stm32f334x8.o"
#        "C:\Users\PaoloWalter\Documents\STM32\RAI Progetto 2\Fase
#        2\NUCLEO\fase2Nucleo_4\EWARM\fase2Nucleo_4\Obj\stm32f3xx_hal.o"
#        "C:\Users\PaoloWalter\Documents\STM32\RAI Progetto 2\Fase
#        2\NUCLEO\fase2Nucleo_4\EWARM\fase2Nucleo_4\Obj\stm32f3xx_hal_cortex.o"
#        "C:\Users\PaoloWalter\Documents\STM32\RAI Progetto 2\Fase
#        2\NUCLEO\fase2Nucleo_4\EWARM\fase2Nucleo_4\Obj\stm32f3xx_hal_dma.o"
#        "C:\Users\PaoloWalter\Documents\STM32\RAI Progetto 2\Fase
#        2\NUCLEO\fase2Nucleo_4\EWARM\fase2Nucleo_4\Obj\stm32f3xx_hal_flash.o"
#        "C:\Users\PaoloWalter\Documents\STM32\RAI Progetto 2\Fase
#        2\NUCLEO\fase2Nucleo_4\EWARM\fase2Nucleo_4\Obj\stm32f3xx_hal_flash_ex.o"
#        "C:\Users\PaoloWalter\Documents\STM32\RAI Progetto 2\Fase
#        2\NUCLEO\fase2Nucleo_4\EWARM\fase2Nucleo_4\Obj\stm32f3xx_hal_gpio.o"
#        "C:\Users\PaoloWalter\Documents\STM32\RAI Progetto 2\Fase
#        2\NUCLEO\fase2Nucleo_4\EWARM\fase2Nucleo_4\Obj\stm32f3xx_hal_i2c.o"
#        "C:\Users\PaoloWalter\Documents\STM32\RAI Progetto 2\Fase
#        2\NUCLEO\fase2Nucleo_4\EWARM\fase2Nucleo_4\Obj\stm32f3xx_hal_i2c_ex.o"
#        "C:\Users\PaoloWalter\Documents\STM32\RAI Progetto 2\Fase
#        2\NUCLEO\fase2Nucleo_4\EWARM\fase2Nucleo_4\Obj\stm32f3xx_hal_msp.o"
#        "C:\Users\PaoloWalter\Documents\STM32\RAI Progetto 2\Fase
#        2\NUCLEO\fase2Nucleo_4\EWARM\fase2Nucleo_4\Obj\stm32f3xx_hal_pwr.o"
#        "C:\Users\PaoloWalter\Documents\STM32\RAI Progetto 2\Fase
#        2\NUCLEO\fase2Nucleo_4\EWARM\fase2Nucleo_4\Obj\stm32f3xx_hal_pwr_ex.o"
#        "C:\Users\PaoloWalter\Documents\STM32\RAI Progetto 2\Fase
#        2\NUCLEO\fase2Nucleo_4\EWARM\fase2Nucleo_4\Obj\stm32f3xx_hal_rcc.o"
#        "C:\Users\PaoloWalter\Documents\STM32\RAI Progetto 2\Fase
#        2\NUCLEO\fase2Nucleo_4\EWARM\fase2Nucleo_4\Obj\stm32f3xx_hal_rcc_ex.o"
#        "C:\Users\PaoloWalter\Documents\STM32\RAI Progetto 2\Fase
#        2\NUCLEO\fase2Nucleo_4\EWARM\fase2Nucleo_4\Obj\stm32f3xx_hal_spi.o"
#        "C:\Users\PaoloWalter\Documents\STM32\RAI Progetto 2\Fase
#        2\NUCLEO\fase2Nucleo_4\EWARM\fase2Nucleo_4\Obj\stm32f3xx_hal_spi_ex.o"
#        "C:\Users\PaoloWalter\Documents\STM32\RAI Progetto 2\Fase
#        2\NUCLEO\fase2Nucleo_4\EWARM\fase2Nucleo_4\Obj\stm32f3xx_hal_tim.o"
#        "C:\Users\PaoloWalter\Documents\STM32\RAI Progetto 2\Fase
#        2\NUCLEO\fase2Nucleo_4\EWARM\fase2Nucleo_4\Obj\stm32f3xx_hal_tim_ex.o"
#        "C:\Users\PaoloWalter\Documents\STM32\RAI Progetto 2\Fase
#        2\NUCLEO\fase2Nucleo_4\EWARM\fase2Nucleo_4\Obj\stm32f3xx_hal_uart.o"
#        "C:\Users\PaoloWalter\Documents\STM32\RAI Progetto 2\Fase
#        2\NUCLEO\fase2Nucleo_4\EWARM\fase2Nucleo_4\Obj\stm32f3xx_hal_uart_ex.o"
#        "C:\Users\PaoloWalter\Documents\STM32\RAI Progetto 2\Fase
#        2\NUCLEO\fase2Nucleo_4\EWARM\fase2Nucleo_4\Obj\stm32f3xx_it.o"
#        "C:\Users\PaoloWalter\Documents\STM32\RAI Progetto 2\Fase
#        2\NUCLEO\fase2Nucleo_4\EWARM\fase2Nucleo_4\Obj\system_stm32f3xx.o"
#        --redirect _Printf=_PrintfFull --redirect _Scanf=_ScanfFull -o
#        "C:\Users\PaoloWalter\Documents\STM32\RAI Progetto 2\Fase
#        2\NUCLEO\fase2Nucleo_4\EWARM\fase2Nucleo_4\Exe\fase2Nucleo_4.out"
#        --map "C:\Users\PaoloWalter\Documents\STM32\RAI Progetto 2\Fase
#        2\NUCLEO\fase2Nucleo_4\EWARM\fase2Nucleo_4\List\fase2Nucleo_4.map"
#        --config "C:\Users\PaoloWalter\Documents\STM32\RAI Progetto 2\Fase
#        2\NUCLEO\fase2Nucleo_4\EWARM/stm32f334x8_flash.icf" --semihosting
#        --entry __iar_program_start --vfe
#
###############################################################################

*******************************************************************************
*** RUNTIME MODEL ATTRIBUTES
***

CppFlavor                     = *
__Heap_Handler                = Basic
__SystemLibrary               = DLib
__dlib_dynamic_initialization = normal


*******************************************************************************
*** PLACEMENT SUMMARY
***

"A1":  place at 0x08000000 { ro section .intvec };
"P1":  place in [from 0x08000000 to 0x0800ffff] { ro };
"P2":  place in [from 0x20000000 to 0x20002fff] { rw, block CSTACK, block HEAP };

  Section             Kind        Address    Size  Object
  -------             ----        -------    ----  ------
"A1":                                       0x188
  .intvec             ro code  0x08000000   0x188  startup_stm32f334x8.o [1]
                             - 0x08000188   0x188

"P1":                                      0x3f0c
  .text               ro code  0x08000188  0x1152  xprintffull.o [3]
  .text               ro code  0x080012da    0x20  xmbtowc.o [3]
  .text               ro code  0x080012fa     0xa  xsprout.o [3]
  .text               ro code  0x08001304    0x16  strchr.o [5]
  .text               ro code  0x0800131c    0x36  strlen.o [5]
  .text               ro code  0x08001354    0x58  memchr.o [5]
  .text               ro code  0x080013ac     0xa  xmbcurmax.o [3]
  .text               ro code  0x080013b8    0xb0  xxmemxmalloc.o [3]
  .text               ro code  0x08001468    0x1a  xwctomb.o [3]
  .text               ro code  0x08001484    0x76  ABImemcpy_unaligned.o [5]
  .text               ro code  0x080014fc    0x80  xxmemxfree.o [3]
  .text               ro code  0x0800157c    0xee  I64DivMod.o [5]
  .text               ro code  0x0800166a    0x42  xdnorm.o [4]
  .text               ro code  0x080016ac    0x2e  DblCmpLe.o [4]
  .text               ro code  0x080016dc    0x2e  DblCmpGe.o [4]
  .text               ro code  0x0800170c   0x114  xdscale.o [4]
  .text               ro code  0x08001820    0x58  DblToI32.o [4]
  .text               ro code  0x08001878    0x30  I32ToDbl.o [4]
  .text               ro code  0x080018a8   0x180  DblSub.o [4]
  .text               ro code  0x08001a28   0x1a2  DblMul.o [4]
  .text               ro code  0x08001bcc   0x256  DblDiv.o [4]
  .text               ro code  0x08001e24    0x6c  localeconv.o [3]
  .text               ro code  0x08001e90     0xe  div.o [3]
  .text               ro code  0x08001ea0    0x14  setlocale.o [3]
  .text               ro code  0x08001eb4    0x60  xencoding_sb.o [3]
  .text               ro code  0x08001f14    0x2c  xgetmemchunk.o [3]
  .text               ro code  0x08001f40     0x2  I64DivZer.o [5]
  .text               ro code  0x08001f44    0xd4  DblAdd.o [4]
  .text               ro code  0x08002018     0x2  xtls.o [3]
  .text               ro code  0x0800201c   0x6b6  stm32f3xx_hal_uart.o [1]
  .text               ro code  0x080026d4   0x118  stm32f3xx_hal_msp.o [1]
  .text               ro code  0x080027ec     0x2  stm32f3xx_hal_uart_ex.o [1]
  .text               ro code  0x080027f0   0x558  stm32f3xx_hal_rcc.o [1]
  .text               ro code  0x08002d48    0x74  stm32f3xx_hal.o [1]
  .text               ro code  0x08002dbc   0x5b8  main.o [1]
  .text               ro code  0x08003374    0xe2  stm32f3xx_hal_cortex.o [1]
  .text               ro code  0x08003458   0x1a0  stm32f3xx_hal_gpio.o [1]
  .text               ro code  0x080035f8   0x67e  stm32f3xx_hal_spi.o [1]
  .text               ro code  0x08003c78    0x34  sprintf.o [3]
  .text               ro code  0x08003cac   0x120  stm32f3xx_hal_rcc_ex.o [1]
  .text               ro code  0x08003dcc    0x6c  system_stm32f3xx.o [1]
  .text               ro code  0x08003e38    0x40  zero_init3.o [5]
  .text               ro code  0x08003e78    0x38  packbits_init_single.o [5]
  .text               ro code  0x08003eb0    0x2c  stm32f3xx_it.o [1]
  .text               ro code  0x08003edc    0x28  data_init.o [5]
  .text               ro code  0x08003f04    0x22  fpinit_M.o [4]
  .iar.init_table     const    0x08003f28    0x20  - Linker created -
  .text               ro code  0x08003f48    0x1a  cmain.o [5]
  .text               ro code  0x08003f62     0x4  low_level_init.o [3]
  .text               ro code  0x08003f66     0x4  exit.o [3]
  .text               ro code  0x08003f6c     0xa  cexit.o [5]
  .text               ro code  0x08003f78    0x14  exit.o [6]
  .text               ro code  0x08003f8c    0x10  startup_stm32f334x8.o [1]
  .text               ro code  0x08003f9c     0xc  cstartup_M.o [5]
  .text               ro code  0x08003fa8     0x4  startup_stm32f334x8.o [1]
  .text               ro code  0x08003fac     0x4  startup_stm32f334x8.o [1]
  .text               ro code  0x08003fb0     0x4  startup_stm32f334x8.o [1]
  .text               ro code  0x08003fb4     0x4  startup_stm32f334x8.o [1]
  .text               ro code  0x08003fb8     0x4  startup_stm32f334x8.o [1]
  .text               ro code  0x08003fbc     0x4  startup_stm32f334x8.o [1]
  .text               ro code  0x08003fc0     0x4  startup_stm32f334x8.o [1]
  .text               ro code  0x08003fc4     0x4  startup_stm32f334x8.o [1]
  .text               ro code  0x08003fc8     0x4  startup_stm32f334x8.o [1]
  .text               ro code  0x08003fcc     0x4  startup_stm32f334x8.o [1]
  .text               ro code  0x08003fd0     0x4  startup_stm32f334x8.o [1]
  .text               ro code  0x08003fd4     0x4  startup_stm32f334x8.o [1]
  .text               ro code  0x08003fd8     0x4  startup_stm32f334x8.o [1]
  .text               ro code  0x08003fdc     0x4  startup_stm32f334x8.o [1]
  .text               ro code  0x08003fe0     0x4  startup_stm32f334x8.o [1]
  .text               ro code  0x08003fe4     0x4  startup_stm32f334x8.o [1]
  .text               ro code  0x08003fe8     0x4  startup_stm32f334x8.o [1]
  .text               ro code  0x08003fec     0x4  startup_stm32f334x8.o [1]
  .text               ro code  0x08003ff0     0x4  startup_stm32f334x8.o [1]
  .text               ro code  0x08003ff4     0x4  startup_stm32f334x8.o [1]
  .text               ro code  0x08003ff8     0x4  startup_stm32f334x8.o [1]
  .text               ro code  0x08003ffc     0x4  startup_stm32f334x8.o [1]
  .text               ro code  0x08004000     0x4  startup_stm32f334x8.o [1]
  .text               ro code  0x08004004     0x4  startup_stm32f334x8.o [1]
  .text               ro code  0x08004008     0x4  startup_stm32f334x8.o [1]
  .text               ro code  0x0800400c     0x4  startup_stm32f334x8.o [1]
  .text               ro code  0x08004010     0x4  startup_stm32f334x8.o [1]
  .text               ro code  0x08004014     0x4  startup_stm32f334x8.o [1]
  .text               ro code  0x08004018     0x4  startup_stm32f334x8.o [1]
  .text               ro code  0x0800401c     0x4  startup_stm32f334x8.o [1]
  .text               ro code  0x08004020     0x4  startup_stm32f334x8.o [1]
  .text               ro code  0x08004024     0x4  startup_stm32f334x8.o [1]
  .text               ro code  0x08004028     0x4  startup_stm32f334x8.o [1]
  .text               ro code  0x0800402c     0x4  startup_stm32f334x8.o [1]
  .text               ro code  0x08004030     0x4  startup_stm32f334x8.o [1]
  .text               ro code  0x08004034     0x4  startup_stm32f334x8.o [1]
  .text               ro code  0x08004038     0x4  startup_stm32f334x8.o [1]
  .text               ro code  0x0800403c     0x4  startup_stm32f334x8.o [1]
  .text               ro code  0x08004040     0x4  startup_stm32f334x8.o [1]
  .text               ro code  0x08004044     0x4  startup_stm32f334x8.o [1]
  .text               ro code  0x08004048     0x4  startup_stm32f334x8.o [1]
  .text               ro code  0x0800404c     0x4  startup_stm32f334x8.o [1]
  .text               ro code  0x08004050     0x4  startup_stm32f334x8.o [1]
  .text               ro code  0x08004054     0x4  startup_stm32f334x8.o [1]
  .text               ro code  0x08004058     0x4  startup_stm32f334x8.o [1]
  .text               ro code  0x0800405c     0x4  startup_stm32f334x8.o [1]
  .text               ro code  0x08004060     0x4  startup_stm32f334x8.o [1]
  .text               ro code  0x08004064     0x4  startup_stm32f334x8.o [1]
  .text               ro code  0x08004068     0x4  startup_stm32f334x8.o [1]
  .text               ro code  0x0800406c     0x4  startup_stm32f334x8.o [1]
  .text               ro code  0x08004070     0x4  startup_stm32f334x8.o [1]
  .text               ro code  0x08004074     0x4  startup_stm32f334x8.o [1]
  .text               ro code  0x08004078     0x4  startup_stm32f334x8.o [1]
  .text               ro code  0x0800407c     0x4  startup_stm32f334x8.o [1]
  .text               ro code  0x08004080     0x4  startup_stm32f334x8.o [1]
  .rodata             const    0x08004084     0x0  zero_init3.o [5]
  .rodata             const    0x08004084     0x0  packbits_init_single.o [5]
  Initializer bytes   const    0x08004084    0x10  <for P2-1>
                             - 0x08004094  0x3f0c

"P2", part 1 of 3:                          0x100
  P2-1                         0x20000000   0x100  <Init block>
    .data             inited   0x20000000     0x4  system_stm32f3xx.o [1]
    __DLIB_PERTHREAD  inited   0x20000004    0x88  localeconv.o [3]
    __DLIB_PERTHREAD  inited   0x2000008c    0x74  setlocale.o [3]
                             - 0x20000100   0x100

"P2", part 2 of 3:                          0x600
  CSTACK                       0x20000100   0x400  <Block>
    CSTACK            uninit   0x20000100   0x400  <Block tail>
  HEAP                         0x20000500   0x200  <Block>
    HEAP              uninit   0x20000500   0x200  <Block tail>
                             - 0x20000700   0x600

"P2", part 3 of 3:                          0x238
  .bss                zero     0x20000700   0x13c  main.o [1]
  .bss                zero     0x2000083c    0x84  main.o [1]
  .bss                zero     0x200008c0    0x64  main.o [1]
  .bss                zero     0x20000924     0x8  xxmemxmalloc.o [3]
  .bss                zero     0x2000092c     0x4  main.o [1]
  .bss                zero     0x20000930     0x4  stm32f3xx_hal.o [1]
  .bss                zero     0x20000934     0x4  xgetmemchunk.o [3]
                             - 0x20000938   0x238


*******************************************************************************
*** INIT TABLE
***

          Address     Size
          -------     ----
Zero (__iar_zero_init3)
    1 destination range, total size 0x238:
          0x20000700  0x238

Copy/packbits (__iar_packbits_init_single3)
    1 source range, total size 0x10 (6% of destination):
          0x08004084   0x10
    1 destination range, total size 0x100:
          0x20000000  0x100



*******************************************************************************
*** MODULE SUMMARY
***

    Module                   ro code  ro data  rw data
    ------                   -------  -------  -------
C:\Users\PaoloWalter\Documents\STM32\RAI Progetto 2\Fase 2\NUCLEO\fase2Nucleo_4\EWARM\fase2Nucleo_4\Obj: [1]
    main.o                     1 464               552
    startup_stm32f334x8.o        628
    stm32f3xx_hal.o              116                 4
    stm32f3xx_hal_cortex.o       226
    stm32f3xx_hal_gpio.o         416
    stm32f3xx_hal_msp.o          280
    stm32f3xx_hal_rcc.o        1 368
    stm32f3xx_hal_rcc_ex.o       288
    stm32f3xx_hal_spi.o        1 662
    stm32f3xx_hal_uart.o       1 718
    stm32f3xx_hal_uart_ex.o        2
    stm32f3xx_it.o                44
    system_stm32f3xx.o           108                 4
    --------------------------------------------------
    Total:                     8 320               560

command line: [2]
    --------------------------------------------------
    Total:

dl7M_tlf.a: [3]
    div.o                         14
    exit.o                         4
    localeconv.o                 108        8      136
    low_level_init.o               4
    setlocale.o                   20        8      116
    sprintf.o                     52
    xencoding_sb.o                96
    xgetmemchunk.o                44                 4
    xmbcurmax.o                   10
    xmbtowc.o                     32
    xprintffull.o              4 434
    xsprout.o                     10
    xtls.o                         2
    xwctomb.o                     26
    xxmemxfree.o                 128
    xxmemxmalloc.o               176                 8
    --------------------------------------------------
    Total:                     5 160       16      264

m7M_tls.a: [4]
    DblAdd.o                     212
    DblCmpGe.o                    46
    DblCmpLe.o                    46
    DblDiv.o                     598
    DblMul.o                     418
    DblSub.o                     384
    DblToI32.o                    88
    I32ToDbl.o                    48
    fpinit_M.o                    34
    xdnorm.o                      66
    xdscale.o                    276
    --------------------------------------------------
    Total:                     2 216

rt7M_tl.a: [5]
    ABImemcpy_unaligned.o        118
    I64DivMod.o                  238
    I64DivZer.o                    2
    cexit.o                       10
    cmain.o                       26
    cstartup_M.o                  12
    data_init.o                   40
    memchr.o                      88
    packbits_init_single.o        56
    strchr.o                      22
    strlen.o                      54
    zero_init3.o                  64
    --------------------------------------------------
    Total:                       730

shb_l.a: [6]
    exit.o                        20
    --------------------------------------------------
    Total:                        20

    Gaps                          36        2
    Linker created                         32    1 536
------------------------------------------------------
    Grand Total:              16 482       50    2 360


*******************************************************************************
*** ENTRY LIST
***

Entry                      Address   Size  Type      Object
-----                      -------   ----  ----      ------
.iar.init_table$$Base   0x08003f28          --   Gb  - Linker created -
.iar.init_table$$Limit  0x08003f48          --   Gb  - Linker created -
?main                   0x08003f49         Code  Gb  cmain.o [5]
CSTACK$$Base            0x20000100          --   Gb  - Linker created -
CSTACK$$Limit           0x20000500          --   Gb  - Linker created -
HAL_Delay               0x08002d9d   0x18  Code  Wk  stm32f3xx_hal.o [1]
HAL_GPIO_Init           0x08003459  0x17c  Code  Gb  stm32f3xx_hal_gpio.o [1]
HAL_GPIO_WritePin       0x080035d5    0xa  Code  Gb  stm32f3xx_hal_gpio.o [1]
HAL_GetTick             0x08002d97    0x6  Code  Wk  stm32f3xx_hal.o [1]
HAL_IncTick             0x08002d8d    0xa  Code  Wk  stm32f3xx_hal.o [1]
HAL_Init                0x08002d49   0x20  Code  Gb  stm32f3xx_hal.o [1]
HAL_InitTick            0x08002d69   0x24  Code  Wk  stm32f3xx_hal.o [1]
HAL_MspInit             0x080026d5   0x5c  Code  Gb  stm32f3xx_hal_msp.o [1]
HAL_NVIC_EnableIRQ      0x080033e3    0xc  Code  Gb  stm32f3xx_hal_cortex.o [1]
HAL_NVIC_SetPriority    0x080033a9   0x3a  Code  Gb  stm32f3xx_hal_cortex.o [1]
HAL_NVIC_SetPriorityGrouping
                        0x0800338f   0x1a  Code  Gb  stm32f3xx_hal_cortex.o [1]
HAL_RCCEx_PeriphCLKConfig
                        0x08003cad  0x114  Code  Gb  stm32f3xx_hal_rcc_ex.o [1]
HAL_RCC_ClockConfig     0x08002af5  0x14c  Code  Gb  stm32f3xx_hal_rcc.o [1]
HAL_RCC_GetHCLKFreq     0x08002cb5   0x1e  Code  Gb  stm32f3xx_hal_rcc.o [1]
HAL_RCC_GetPCLK1Freq    0x08002cd3   0x10  Code  Gb  stm32f3xx_hal_rcc.o [1]
HAL_RCC_GetSysClockFreq
                        0x08002c7b   0x3a  Code  Gb  stm32f3xx_hal_rcc.o [1]
HAL_RCC_OscConfig       0x080027f1  0x2d2  Code  Gb  stm32f3xx_hal_rcc.o [1]
HAL_SPI_ErrorCallback   0x08003b1b    0x2  Code  Wk  stm32f3xx_hal_spi.o [1]
HAL_SPI_IRQHandler      0x08003a85   0x96  Code  Gb  stm32f3xx_hal_spi.o [1]
HAL_SPI_Init            0x080035f9   0xba  Code  Gb  stm32f3xx_hal_spi.o [1]
HAL_SPI_MspInit         0x08002731   0x3e  Code  Gb  stm32f3xx_hal_msp.o [1]
HAL_SPI_Transmit        0x080036b3  0x11a  Code  Gb  stm32f3xx_hal_spi.o [1]
HAL_SPI_TransmitReceive
                        0x080037e7  0x22a  Code  Gb  stm32f3xx_hal_spi.o [1]
HAL_SYSTICK_CLKSourceConfig
                        0x0800341f   0x14  Code  Gb  stm32f3xx_hal_cortex.o [1]
HAL_SYSTICK_Callback    0x08003455    0x2  Code  Wk  stm32f3xx_hal_cortex.o [1]
HAL_SYSTICK_Config      0x080033f7   0x28  Code  Gb  stm32f3xx_hal_cortex.o [1]
HAL_SYSTICK_IRQHandler  0x0800344d    0x8  Code  Gb  stm32f3xx_hal_cortex.o [1]
HAL_UARTEx_WakeupCallback
                        0x080027ed    0x2  Code  Wk  stm32f3xx_hal_uart_ex.o [1]
HAL_UART_ErrorCallback  0x080022cd    0x2  Code  Wk  stm32f3xx_hal_uart.o [1]
HAL_UART_IRQHandler     0x080021d5   0xf6  Code  Gb  stm32f3xx_hal_uart.o [1]
HAL_UART_Init           0x0800201d   0x34  Code  Gb  stm32f3xx_hal_uart.o [1]
HAL_UART_MspInit        0x0800276f   0x56  Code  Gb  stm32f3xx_hal_msp.o [1]
HAL_UART_Receive_IT     0x08002137   0x98  Code  Gb  stm32f3xx_hal_uart.o [1]
HAL_UART_RxCpltCallback
                        0x08003073   0x30  Code  Gb  main.o [1]
HAL_UART_Transmit       0x08002095   0x9e  Code  Gb  stm32f3xx_hal_uart.o [1]
HAL_UART_TxCpltCallback
                        0x080022cb    0x2  Code  Wk  stm32f3xx_hal_uart.o [1]
HEAP$$Base              0x20000500          --   Gb  - Linker created -
HEAP$$Limit             0x20000700          --   Gb  - Linker created -
LoadInt                 0x080007bd   0x6e  Code  Lc  xprintffull.o [3]
MX_GPIO_Init            0x08002fbd   0xae  Code  Lc  main.o [1]
MX_NVIC_Init            0x08002f87   0x36  Code  Gb  main.o [1]
NVIC_SetPriority        0x08003375   0x1a  Code  Lc  stm32f3xx_hal_cortex.o [1]
Region$$Table$$Base     0x08003f28          --   Gb  - Linker created -
Region$$Table$$Limit    0x08003f48          --   Gb  - Linker created -
SPI1_IRQHandler         0x08003ebf    0x6  Code  Gb  stm32f3xx_it.o [1]
SPI_EndRxTxTransaction  0x08003c41   0x20  Code  Lc  stm32f3xx_hal_spi.o [1]
SPI_WaitFifoStateUntilTimeout
                        0x08003b87   0x64  Code  Lc  stm32f3xx_hal_spi.o [1]
SPI_WaitFlagStateUntilTimeout
                        0x08003b35   0x4c  Code  Lc  stm32f3xx_hal_spi.o [1]
SysTick_Handler         0x08003eb1    0xe  Code  Gb  stm32f3xx_it.o [1]
SystemClock_Config      0x08002f11   0x76  Code  Gb  main.o [1]
SystemCoreClock         0x20000000    0x4  Data  Gb  system_stm32f3xx.o [1]
SystemInit              0x08003dcd   0x52  Code  Gb  system_stm32f3xx.o [1]
TM_NRF24L01_GetStatus   0x08003129   0x1c  Code  Gb  main.o [1]
TM_NRF24L01_GetTransmissionStatus
                        0x08003153   0x18  Code  Gb  main.o [1]
TM_NRF24L01_Init        0x08003259   0xa0  Code  Gb  main.o [1]
TM_NRF24L01_PowerUpRx   0x08003193   0x3c  Code  Gb  main.o [1]
TM_NRF24L01_SetChannel  0x08003243   0x16  Code  Gb  main.o [1]
TM_NRF24L01_SetTxAddress
                        0x08003179   0x1a  Code  Gb  main.o [1]
TM_NRF24L01_Struct      0x2000092c    0x4  Data  Lc  main.o [1]
TM_NRF24L01_Transmit    0x080031cf   0x5a  Code  Gb  main.o [1]
TM_NRF24L01_WriteRegister
                        0x080030a3   0x1e  Code  Gb  main.o [1]
TM_NRF24L01_WriteRegisterMulti
                        0x080030df   0x32  Code  Gb  main.o [1]
TxAddress               0x200008b0    0x8  Data  Gb  main.o [1]
UART_AdvFeatureConfig   0x08002421   0xc6  Code  Gb  stm32f3xx_hal_uart.o [1]
UART_CheckIdleState     0x080024e7   0x4a  Code  Gb  stm32f3xx_hal_uart.o [1]
UART_EndTransmit_IT     0x0800262b   0x24  Code  Gb  stm32f3xx_hal_uart.o [1]
UART_Receive_IT         0x0800264f   0x84  Code  Gb  stm32f3xx_hal_uart.o [1]
UART_SetConfig          0x080022d1  0x132  Code  Gb  stm32f3xx_hal_uart.o [1]
UART_Transmit_IT        0x080025c5   0x66  Code  Gb  stm32f3xx_hal_uart.o [1]
UART_WaitOnFlagUntilTimeout
                        0x08002531   0x94  Code  Gb  stm32f3xx_hal_uart.o [1]
USART1_IRQHandler       0x08003ec5    0x6  Code  Gb  stm32f3xx_it.o [1]
USART2_IRQHandler       0x08003ecb    0x6  Code  Gb  stm32f3xx_it.o [1]
_EncodingSb_Mbtowc      0x08001ecf   0x30  Code  Gb  xencoding_sb.o [3]
_EncodingSb_Wctomb      0x08001eb5   0x1a  Code  Gb  xencoding_sb.o [3]
_GenldFull              0x08001047  0x24c  Code  Lc  xprintffull.o [3]
_IsdstStr               0x20000090    0x4  Data  Gb  setlocale.o [3]
_LdtobFull              0x08000c45  0x3fc  Code  Lc  xprintffull.o [3]
_LitobFull              0x08000b3d  0x106  Code  Lc  xprintffull.o [3]
_LocaleEncoding         0x08001ea1    0xe  Code  Gb  setlocale.o [3]
_LocaleReturnString     0x200000b0   0x50  Data  Lc  setlocale.o [3]
_Locale_Profile         0x20000094   0x1c  Data  Gb  setlocale.o [3]
_Locale_aeabi_lconv     0x20000054   0x38  Data  Gb  localeconv.o [3]
_Locale_lconv           0x20000004   0x50  Data  Gb  localeconv.o [3]
_Mbtowc                 0x080012db   0x20  Code  Gb  xmbtowc.o [3]
_PrintfFull             0x08000189  0x61e  Code  Gb  xprintffull.o [3]
_PutcharsFull           0x08001293   0x2e  Code  Lc  xprintffull.o [3]
_PutstrFull             0x0800082b  0x30c  Code  Lc  xprintffull.o [3]
_SProut                 0x080012fb    0xa  Code  Gb  xsprout.o [3]
_TzoneStr               0x2000008c    0x4  Data  Gb  setlocale.o [3]
_Wctomb                 0x08001469   0x1a  Code  Gb  xwctomb.o [3]
__aeabi_cdcmple         0x080016ad         Code  Gb  DblCmpLe.o [4]
__aeabi_cdrcmple        0x080016dd         Code  Gb  DblCmpGe.o [4]
__aeabi_d2iz            0x08001821         Code  Gb  DblToI32.o [4]
__aeabi_d2uiz           0x0800184d         Code  Gb  DblToI32.o [4]
__aeabi_ddiv            0x08001bcd         Code  Gb  DblDiv.o [4]
__aeabi_dmul            0x08001a29         Code  Gb  DblMul.o [4]
__aeabi_dsub            0x080018a9         Code  Gb  DblSub.o [4]
__aeabi_i2d             0x08001879         Code  Gb  I32ToDbl.o [4]
__aeabi_ldiv0           0x08001f41         Code  Gb  I64DivZer.o [5]
__aeabi_ui2d            0x0800188d         Code  Gb  I32ToDbl.o [4]
__aeabi_uldivmod        0x0800157d         Code  Gb  I64DivMod.o [5]
__cmain                 0x08003f49         Code  Gb  cmain.o [5]
__data_Aldata           0x20000924    0x8  Data  Gb  xxmemxmalloc.o [3]
__data_GetMemChunk      0x08001f15   0x2c  Code  Gb  xgetmemchunk.o [3]
__exit                  0x08003f79   0x14  Code  Gb  exit.o [6]
__iar_Dnorm             0x0800166b   0x42  Code  Gb  xdnorm.o [4]
__iar_Dscale            0x0800170d  0x114  Code  Gb  xdscale.o [4]
__iar_Locale_lconv_init
                        0x08001e25   0x3a  Code  Gb  localeconv.o [3]
__iar_Mbcurmax          0x080013ad    0xa  Code  Gb  xmbcurmax.o [3]
__iar_Memchr            0x08001355         Code  Gb  memchr.o [5]
__iar_Strchr            0x08001305         Code  Gb  strchr.o [5]
__iar_d2uiz             0x08001859         Code  Gb  DblToI32.o [4]
__iar_dadd              0x08001f45         Code  Gb  DblAdd.o [4]
__iar_data_init3        0x08003edd   0x28  Code  Gb  data_init.o [5]
__iar_dlib_perthread_access
                        0x08002019    0x2  Code  Gb  xtls.o [3]
__iar_dsub              0x080018bd         Code  Gb  DblSub.o [4]
__iar_dsubStart         0x080018cf         Code  Gb  DblSub.o [4]
__iar_init_vfp          0x08003f05         Code  Gb  fpinit_M.o [4]
__iar_packbits_init_single3
                        0x08003e79   0x38  Code  Gb  packbits_init_single.o [5]
__iar_program_start     0x08003f9d         Code  Gb  cstartup_M.o [5]
__iar_ui2d              0x08001891         Code  Gb  I32ToDbl.o [4]
__iar_unaligned___aeabi_memcpy
                        0x08001485         Code  Gb  ABImemcpy_unaligned.o [5]
__iar_unaligned___aeabi_memcpy4
                        0x080014a5         Code  Gb  ABImemcpy_unaligned.o [5]
__iar_unaligned___aeabi_memcpy8
                        0x080014a5         Code  Gb  ABImemcpy_unaligned.o [5]
__iar_zero_init3        0x08003e39   0x40  Code  Gb  zero_init3.o [5]
__low_level_init        0x08003f63    0x4  Code  Gb  low_level_init.o [3]
__vector_table          0x08000000         Data  Gb  startup_stm32f334x8.o [1]
_call_main              0x08003f55         Code  Gb  cmain.o [5]
_exit                   0x08003f6d         Code  Gb  cexit.o [5]
_main                   0x08003f5f         Code  Gb  cmain.o [5]
aAPBAHBPrescTable       0x08002d18   0x10  Data  Gb  stm32f3xx_hal_rcc.o [1]
aPLLMULFactorTable      0x08002d28   0x10  Data  Gb  stm32f3xx_hal_rcc.o [1]
aPredivFactorTable      0x08002d38   0x10  Data  Gb  stm32f3xx_hal_rcc.o [1]
dataOut                 0x200008b8    0x8  Data  Gb  main.o [1]
div                     0x08001e91    0xe  Code  Gb  div.o [3]
exit                    0x08003f67    0x4  Code  Gb  exit.o [3]
free                    0x080014fd   0x7a  Code  Gb  xxmemxfree.o [3]
hspi1                   0x200008c0   0x64  Data  Gb  main.o [1]
huart1                  0x20000700   0x70  Data  Gb  main.o [1]
huart2                  0x20000840   0x70  Data  Gb  main.o [1]
localeconv              0x08001e5f   0x16  Code  Gb  localeconv.o [3]
main                    0x08002dbd  0x154  Code  Gb  main.o [1]
malloc                  0x080013b9   0xac  Code  Gb  xxmemxmalloc.o [3]
memchr                  0x08001355         Code  Gb  memchr.o [5]
rx_buff                 0x20000774   0xc8  Data  Gb  main.o [1]
sprintf                 0x08003c79   0x34  Code  Gb  sprintf.o [3]
strchr                  0x08001305         Code  Gb  strchr.o [5]
strlen                  0x0800131d         Code  Gb  strlen.o [5]
transmissionStatus      0x2000083c    0x1  Data  Gb  main.o [1]
usart1_flag             0x20000770    0x4  Data  Gb  main.o [1]
uwTick                  0x20000930    0x4  Data  Lc  stm32f3xx_hal.o [1]


[1] = C:\Users\PaoloWalter\Documents\STM32\RAI Progetto 2\Fase 2\NUCLEO\fase2Nucleo_4\EWARM\fase2Nucleo_4\Obj
[2] = command line
[3] = dl7M_tlf.a
[4] = m7M_tls.a
[5] = rt7M_tl.a
[6] = shb_l.a

  16 482 bytes of readonly  code memory
      50 bytes of readonly  data memory
   2 360 bytes of readwrite data memory

Errors: none
Warnings: none
